
🔍 Testimonial Slider Comparison Test

================================================================================

📍 Testing PRODUCTION: https://mydefenselaw.com/index.php
--------------------------------------------------------------------------------

Production Type: STATIC

Production Container:
{
  "width": 285.3359375,
  "height": 439.6328125,
  "position": "static",
  "overflow": "visible",
  "padding": "32px"
}


📍 Testing LOCAL: http://localhost:8088
--------------------------------------------------------------------------------

Local Slider Container:
{
  "width": 285.3359375,
  "height": 524,
  "position": "relative",
  "overflow": "hidden",
  "padding": "0px"
}

Local Slides:
  Slide 0 (ACTIVE):
    Position: absolute, Top: 0px, Left: 0px
    Size: 285.3359375x524.1015625, Opacity: 1, Z-Index: 2
  Slide 1 :
    Position: absolute, Top: 0px, Left: 0px
    Size: 285.3359375x439.6328125, Opacity: 0, Z-Index: 1


🔎 ANALYSIS:

================================================================================

Production: static testimonial
Local: undefined testimonial

📊 Container Comparison:
  ⚠️  Container Height: Production=439.6px vs Local=524.0px
  ⚠️  Container Padding: Production="32px" vs Local="0px"
  ⚠️  Container Overflow: Production="visible" vs Local="hidden"

📋 SUMMARY:
⚠️  Found 3 difference(s) - may be expected due to slider vs static:
  - Container Height: Production=439.6px vs Local=524.0px
  - Container Padding: Production="32px" vs Local="0px"
  - Container Overflow: Production="visible" vs Local="hidden"

📸 Screenshots saved:
  - tests/screenshots/production-testimonials.png
  - tests/screenshots/local-testimonials.png

================================================================================

⏳ Keeping browser open for 10 seconds for manual inspection...

