[25-Nov-2025 23:41:00 UTC] PHP Warning:  Undefined array key "days_until" in /var/www/html/wp-content/themes/mydefenselaw/page-portal-dashboard.php on line 175
[25-Nov-2025 23:41:00 UTC] PHP Warning:  Undefined array key "date" in /var/www/html/wp-content/themes/mydefenselaw/page-portal-dashboard.php on line 180
[25-Nov-2025 23:41:00 UTC] PHP Deprecated:  strtotime(): Passing null to parameter #1 ($datetime) of type string is deprecated in /var/www/html/wp-content/themes/mydefenselaw/page-portal-dashboard.php on line 180
[25-Nov-2025 23:41:00 UTC] PHP Warning:  Undefined array key "date" in /var/www/html/wp-content/themes/mydefenselaw/page-portal-dashboard.php on line 181
[25-Nov-2025 23:41:00 UTC] PHP Deprecated:  strtotime(): Passing null to parameter #1 ($datetime) of type string is deprecated in /var/www/html/wp-content/themes/mydefenselaw/page-portal-dashboard.php on line 181
[25-Nov-2025 23:41:00 UTC] PHP Warning:  Undefined array key "case_name" in /var/www/html/wp-content/themes/mydefenselaw/page-portal-dashboard.php on line 185
[25-Nov-2025 23:41:00 UTC] PHP Warning:  Undefined array key "days_until" in /var/www/html/wp-content/themes/mydefenselaw/page-portal-dashboard.php on line 175
[25-Nov-2025 23:41:00 UTC] PHP Warning:  Undefined array key "date" in /var/www/html/wp-content/themes/mydefenselaw/page-portal-dashboard.php on line 180
[25-Nov-2025 23:41:00 UTC] PHP Deprecated:  strtotime(): Passing null to parameter #1 ($datetime) of type string is deprecated in /var/www/html/wp-content/themes/mydefenselaw/page-portal-dashboard.php on line 180
[25-Nov-2025 23:41:00 UTC] PHP Warning:  Undefined array key "date" in /var/www/html/wp-content/themes/mydefenselaw/page-portal-dashboard.php on line 181
[25-Nov-2025 23:41:00 UTC] PHP Deprecated:  strtotime(): Passing null to parameter #1 ($datetime) of type string is deprecated in /var/www/html/wp-content/themes/mydefenselaw/page-portal-dashboard.php on line 181
[25-Nov-2025 23:41:00 UTC] PHP Warning:  Undefined array key "case_name" in /var/www/html/wp-content/themes/mydefenselaw/page-portal-dashboard.php on line 185
[25-Nov-2025 23:41:07 UTC] PHP Warning:  Undefined array key "days_until" in /var/www/html/wp-content/themes/mydefenselaw/page-portal-dashboard.php on line 175
[25-Nov-2025 23:41:07 UTC] PHP Warning:  Undefined array key "date" in /var/www/html/wp-content/themes/mydefenselaw/page-portal-dashboard.php on line 180
[25-Nov-2025 23:41:07 UTC] PHP Deprecated:  strtotime(): Passing null to parameter #1 ($datetime) of type string is deprecated in /var/www/html/wp-content/themes/mydefenselaw/page-portal-dashboard.php on line 180
[25-Nov-2025 23:41:07 UTC] PHP Warning:  Undefined array key "date" in /var/www/html/wp-content/themes/mydefenselaw/page-portal-dashboard.php on line 181
[25-Nov-2025 23:41:07 UTC] PHP Deprecated:  strtotime(): Passing null to parameter #1 ($datetime) of type string is deprecated in /var/www/html/wp-content/themes/mydefenselaw/page-portal-dashboard.php on line 181
[25-Nov-2025 23:41:07 UTC] PHP Warning:  Undefined array key "case_name" in /var/www/html/wp-content/themes/mydefenselaw/page-portal-dashboard.php on line 185
[25-Nov-2025 23:41:07 UTC] PHP Warning:  Undefined array key "days_until" in /var/www/html/wp-content/themes/mydefenselaw/page-portal-dashboard.php on line 175
[25-Nov-2025 23:41:07 UTC] PHP Warning:  Undefined array key "date" in /var/www/html/wp-content/themes/mydefenselaw/page-portal-dashboard.php on line 180
[25-Nov-2025 23:41:07 UTC] PHP Deprecated:  strtotime(): Passing null to parameter #1 ($datetime) of type string is deprecated in /var/www/html/wp-content/themes/mydefenselaw/page-portal-dashboard.php on line 180
[25-Nov-2025 23:41:07 UTC] PHP Warning:  Undefined array key "date" in /var/www/html/wp-content/themes/mydefenselaw/page-portal-dashboard.php on line 181
[25-Nov-2025 23:41:07 UTC] PHP Deprecated:  strtotime(): Passing null to parameter #1 ($datetime) of type string is deprecated in /var/www/html/wp-content/themes/mydefenselaw/page-portal-dashboard.php on line 181
[25-Nov-2025 23:41:07 UTC] PHP Warning:  Undefined array key "case_name" in /var/www/html/wp-content/themes/mydefenselaw/page-portal-dashboard.php on line 185
[25-Nov-2025 23:41:14 UTC] PHP Warning:  Undefined array key "days_until" in /var/www/html/wp-content/themes/mydefenselaw/page-portal-dashboard.php on line 175
[25-Nov-2025 23:41:14 UTC] PHP Warning:  Undefined array key "date" in /var/www/html/wp-content/themes/mydefenselaw/page-portal-dashboard.php on line 180
[25-Nov-2025 23:41:14 UTC] PHP Deprecated:  strtotime(): Passing null to parameter #1 ($datetime) of type string is deprecated in /var/www/html/wp-content/themes/mydefenselaw/page-portal-dashboard.php on line 180
[25-Nov-2025 23:41:14 UTC] PHP Warning:  Undefined array key "date" in /var/www/html/wp-content/themes/mydefenselaw/page-portal-dashboard.php on line 181
[25-Nov-2025 23:41:14 UTC] PHP Deprecated:  strtotime(): Passing null to parameter #1 ($datetime) of type string is deprecated in /var/www/html/wp-content/themes/mydefenselaw/page-portal-dashboard.php on line 181
[25-Nov-2025 23:41:14 UTC] PHP Warning:  Undefined array key "case_name" in /var/www/html/wp-content/themes/mydefenselaw/page-portal-dashboard.php on line 185
[25-Nov-2025 23:41:14 UTC] PHP Warning:  Undefined array key "days_until" in /var/www/html/wp-content/themes/mydefenselaw/page-portal-dashboard.php on line 175
[25-Nov-2025 23:41:14 UTC] PHP Warning:  Undefined array key "date" in /var/www/html/wp-content/themes/mydefenselaw/page-portal-dashboard.php on line 180
[25-Nov-2025 23:41:14 UTC] PHP Deprecated:  strtotime(): Passing null to parameter #1 ($datetime) of type string is deprecated in /var/www/html/wp-content/themes/mydefenselaw/page-portal-dashboard.php on line 180
[25-Nov-2025 23:41:14 UTC] PHP Warning:  Undefined array key "date" in /var/www/html/wp-content/themes/mydefenselaw/page-portal-dashboard.php on line 181
[25-Nov-2025 23:41:14 UTC] PHP Deprecated:  strtotime(): Passing null to parameter #1 ($datetime) of type string is deprecated in /var/www/html/wp-content/themes/mydefenselaw/page-portal-dashboard.php on line 181
[25-Nov-2025 23:41:14 UTC] PHP Warning:  Undefined array key "case_name" in /var/www/html/wp-content/themes/mydefenselaw/page-portal-dashboard.php on line 185
[25-Nov-2025 23:41:53 UTC] PHP Warning:  Undefined array key "last_message" in /var/www/html/wp-content/themes/mydefenselaw/template-parts/portal/message-thread.php on line 18
[25-Nov-2025 23:41:53 UTC] PHP Warning:  Undefined array key "last_sender_id" in /var/www/html/wp-content/themes/mydefenselaw/template-parts/portal/message-thread.php on line 26
[25-Nov-2025 23:41:53 UTC] PHP Warning:  Undefined array key "time_ago" in /var/www/html/wp-content/themes/mydefenselaw/template-parts/portal/message-thread.php on line 35
[25-Nov-2025 23:41:53 UTC] PHP Warning:  Undefined array key "last_sender_name" in /var/www/html/wp-content/themes/mydefenselaw/template-parts/portal/message-thread.php on line 46
[25-Nov-2025 23:41:53 UTC] PHP Warning:  Undefined array key "message_count" in /var/www/html/wp-content/themes/mydefenselaw/template-parts/portal/message-thread.php on line 53
[25-Nov-2025 23:41:53 UTC] PHP Warning:  Undefined array key "last_message" in /var/www/html/wp-content/themes/mydefenselaw/template-parts/portal/message-thread.php on line 18
[25-Nov-2025 23:41:53 UTC] PHP Warning:  Undefined array key "last_sender_id" in /var/www/html/wp-content/themes/mydefenselaw/template-parts/portal/message-thread.php on line 26
[25-Nov-2025 23:41:53 UTC] PHP Warning:  Undefined array key "time_ago" in /var/www/html/wp-content/themes/mydefenselaw/template-parts/portal/message-thread.php on line 35
[25-Nov-2025 23:41:53 UTC] PHP Warning:  Undefined array key "last_sender_name" in /var/www/html/wp-content/themes/mydefenselaw/template-parts/portal/message-thread.php on line 46
[25-Nov-2025 23:41:53 UTC] PHP Warning:  Undefined array key "message_count" in /var/www/html/wp-content/themes/mydefenselaw/template-parts/portal/message-thread.php on line 53
[25-Nov-2025 23:41:53 UTC] PHP Warning:  Undefined array key "last_message" in /var/www/html/wp-content/themes/mydefenselaw/template-parts/portal/message-thread.php on line 18
[25-Nov-2025 23:41:53 UTC] PHP Warning:  Undefined array key "last_sender_id" in /var/www/html/wp-content/themes/mydefenselaw/template-parts/portal/message-thread.php on line 26
[25-Nov-2025 23:41:53 UTC] PHP Warning:  Undefined array key "time_ago" in /var/www/html/wp-content/themes/mydefenselaw/template-parts/portal/message-thread.php on line 35
[25-Nov-2025 23:41:53 UTC] PHP Warning:  Undefined array key "last_sender_name" in /var/www/html/wp-content/themes/mydefenselaw/template-parts/portal/message-thread.php on line 46
[25-Nov-2025 23:41:53 UTC] PHP Warning:  Undefined array key "message_count" in /var/www/html/wp-content/themes/mydefenselaw/template-parts/portal/message-thread.php on line 53
[25-Nov-2025 23:48:23 UTC] PHP Warning:  Undefined array key "days_until" in /var/www/html/wp-content/themes/mydefenselaw/page-portal-dashboard.php on line 175
[25-Nov-2025 23:48:23 UTC] PHP Warning:  Undefined array key "date" in /var/www/html/wp-content/themes/mydefenselaw/page-portal-dashboard.php on line 180
[25-Nov-2025 23:48:23 UTC] PHP Deprecated:  strtotime(): Passing null to parameter #1 ($datetime) of type string is deprecated in /var/www/html/wp-content/themes/mydefenselaw/page-portal-dashboard.php on line 180
[25-Nov-2025 23:48:23 UTC] PHP Warning:  Undefined array key "date" in /var/www/html/wp-content/themes/mydefenselaw/page-portal-dashboard.php on line 181
[25-Nov-2025 23:48:23 UTC] PHP Deprecated:  strtotime(): Passing null to parameter #1 ($datetime) of type string is deprecated in /var/www/html/wp-content/themes/mydefenselaw/page-portal-dashboard.php on line 181
[25-Nov-2025 23:48:23 UTC] PHP Warning:  Undefined array key "case_name" in /var/www/html/wp-content/themes/mydefenselaw/page-portal-dashboard.php on line 185
[25-Nov-2025 23:48:23 UTC] PHP Warning:  Undefined array key "days_until" in /var/www/html/wp-content/themes/mydefenselaw/page-portal-dashboard.php on line 175
[25-Nov-2025 23:48:23 UTC] PHP Warning:  Undefined array key "date" in /var/www/html/wp-content/themes/mydefenselaw/page-portal-dashboard.php on line 180
[25-Nov-2025 23:48:23 UTC] PHP Deprecated:  strtotime(): Passing null to parameter #1 ($datetime) of type string is deprecated in /var/www/html/wp-content/themes/mydefenselaw/page-portal-dashboard.php on line 180
[25-Nov-2025 23:48:23 UTC] PHP Warning:  Undefined array key "date" in /var/www/html/wp-content/themes/mydefenselaw/page-portal-dashboard.php on line 181
[25-Nov-2025 23:48:23 UTC] PHP Deprecated:  strtotime(): Passing null to parameter #1 ($datetime) of type string is deprecated in /var/www/html/wp-content/themes/mydefenselaw/page-portal-dashboard.php on line 181
[25-Nov-2025 23:48:23 UTC] PHP Warning:  Undefined array key "case_name" in /var/www/html/wp-content/themes/mydefenselaw/page-portal-dashboard.php on line 185
[25-Nov-2025 23:50:23 UTC] PHP Warning:  Undefined array key "days_until" in /var/www/html/wp-content/themes/mydefenselaw/page-portal-dashboard.php on line 175
[25-Nov-2025 23:50:23 UTC] PHP Warning:  Undefined array key "date" in /var/www/html/wp-content/themes/mydefenselaw/page-portal-dashboard.php on line 180
[25-Nov-2025 23:50:23 UTC] PHP Deprecated:  strtotime(): Passing null to parameter #1 ($datetime) of type string is deprecated in /var/www/html/wp-content/themes/mydefenselaw/page-portal-dashboard.php on line 180
[25-Nov-2025 23:50:23 UTC] PHP Warning:  Undefined array key "date" in /var/www/html/wp-content/themes/mydefenselaw/page-portal-dashboard.php on line 181
[25-Nov-2025 23:50:23 UTC] PHP Deprecated:  strtotime(): Passing null to parameter #1 ($datetime) of type string is deprecated in /var/www/html/wp-content/themes/mydefenselaw/page-portal-dashboard.php on line 181
[25-Nov-2025 23:50:23 UTC] PHP Warning:  Undefined array key "case_name" in /var/www/html/wp-content/themes/mydefenselaw/page-portal-dashboard.php on line 185
[25-Nov-2025 23:50:23 UTC] PHP Warning:  Undefined array key "days_until" in /var/www/html/wp-content/themes/mydefenselaw/page-portal-dashboard.php on line 175
[25-Nov-2025 23:50:23 UTC] PHP Warning:  Undefined array key "date" in /var/www/html/wp-content/themes/mydefenselaw/page-portal-dashboard.php on line 180
[25-Nov-2025 23:50:23 UTC] PHP Deprecated:  strtotime(): Passing null to parameter #1 ($datetime) of type string is deprecated in /var/www/html/wp-content/themes/mydefenselaw/page-portal-dashboard.php on line 180
[25-Nov-2025 23:50:23 UTC] PHP Warning:  Undefined array key "date" in /var/www/html/wp-content/themes/mydefenselaw/page-portal-dashboard.php on line 181
[25-Nov-2025 23:50:23 UTC] PHP Deprecated:  strtotime(): Passing null to parameter #1 ($datetime) of type string is deprecated in /var/www/html/wp-content/themes/mydefenselaw/page-portal-dashboard.php on line 181
[25-Nov-2025 23:50:23 UTC] PHP Warning:  Undefined array key "case_name" in /var/www/html/wp-content/themes/mydefenselaw/page-portal-dashboard.php on line 185
[25-Nov-2025 23:50:44 UTC] PHP Warning:  Undefined array key "days_until" in /var/www/html/wp-content/themes/mydefenselaw/page-portal-dashboard.php on line 175
[25-Nov-2025 23:50:44 UTC] PHP Warning:  Undefined array key "date" in /var/www/html/wp-content/themes/mydefenselaw/page-portal-dashboard.php on line 180
[25-Nov-2025 23:50:44 UTC] PHP Deprecated:  strtotime(): Passing null to parameter #1 ($datetime) of type string is deprecated in /var/www/html/wp-content/themes/mydefenselaw/page-portal-dashboard.php on line 180
[25-Nov-2025 23:50:44 UTC] PHP Warning:  Undefined array key "date" in /var/www/html/wp-content/themes/mydefenselaw/page-portal-dashboard.php on line 181
[25-Nov-2025 23:50:44 UTC] PHP Deprecated:  strtotime(): Passing null to parameter #1 ($datetime) of type string is deprecated in /var/www/html/wp-content/themes/mydefenselaw/page-portal-dashboard.php on line 181
[25-Nov-2025 23:50:44 UTC] PHP Warning:  Undefined array key "case_name" in /var/www/html/wp-content/themes/mydefenselaw/page-portal-dashboard.php on line 185
[25-Nov-2025 23:50:44 UTC] PHP Warning:  Undefined array key "days_until" in /var/www/html/wp-content/themes/mydefenselaw/page-portal-dashboard.php on line 175
[25-Nov-2025 23:50:44 UTC] PHP Warning:  Undefined array key "date" in /var/www/html/wp-content/themes/mydefenselaw/page-portal-dashboard.php on line 180
[25-Nov-2025 23:50:44 UTC] PHP Deprecated:  strtotime(): Passing null to parameter #1 ($datetime) of type string is deprecated in /var/www/html/wp-content/themes/mydefenselaw/page-portal-dashboard.php on line 180
[25-Nov-2025 23:50:44 UTC] PHP Warning:  Undefined array key "date" in /var/www/html/wp-content/themes/mydefenselaw/page-portal-dashboard.php on line 181
[25-Nov-2025 23:50:44 UTC] PHP Deprecated:  strtotime(): Passing null to parameter #1 ($datetime) of type string is deprecated in /var/www/html/wp-content/themes/mydefenselaw/page-portal-dashboard.php on line 181
[25-Nov-2025 23:50:44 UTC] PHP Warning:  Undefined array key "case_name" in /var/www/html/wp-content/themes/mydefenselaw/page-portal-dashboard.php on line 185
[25-Nov-2025 23:53:10 UTC] PHP Warning:  Undefined array key "days_until" in /var/www/html/wp-content/themes/mydefenselaw/page-portal-dashboard.php on line 175
[25-Nov-2025 23:53:10 UTC] PHP Warning:  Undefined array key "date" in /var/www/html/wp-content/themes/mydefenselaw/page-portal-dashboard.php on line 180
[25-Nov-2025 23:53:10 UTC] PHP Deprecated:  strtotime(): Passing null to parameter #1 ($datetime) of type string is deprecated in /var/www/html/wp-content/themes/mydefenselaw/page-portal-dashboard.php on line 180
[25-Nov-2025 23:53:10 UTC] PHP Warning:  Undefined array key "date" in /var/www/html/wp-content/themes/mydefenselaw/page-portal-dashboard.php on line 181
[25-Nov-2025 23:53:10 UTC] PHP Deprecated:  strtotime(): Passing null to parameter #1 ($datetime) of type string is deprecated in /var/www/html/wp-content/themes/mydefenselaw/page-portal-dashboard.php on line 181
[25-Nov-2025 23:53:10 UTC] PHP Warning:  Undefined array key "case_name" in /var/www/html/wp-content/themes/mydefenselaw/page-portal-dashboard.php on line 185
[25-Nov-2025 23:53:10 UTC] PHP Warning:  Undefined array key "days_until" in /var/www/html/wp-content/themes/mydefenselaw/page-portal-dashboard.php on line 175
[25-Nov-2025 23:53:10 UTC] PHP Warning:  Undefined array key "date" in /var/www/html/wp-content/themes/mydefenselaw/page-portal-dashboard.php on line 180
[25-Nov-2025 23:53:10 UTC] PHP Deprecated:  strtotime(): Passing null to parameter #1 ($datetime) of type string is deprecated in /var/www/html/wp-content/themes/mydefenselaw/page-portal-dashboard.php on line 180
[25-Nov-2025 23:53:10 UTC] PHP Warning:  Undefined array key "date" in /var/www/html/wp-content/themes/mydefenselaw/page-portal-dashboard.php on line 181
[25-Nov-2025 23:53:10 UTC] PHP Deprecated:  strtotime(): Passing null to parameter #1 ($datetime) of type string is deprecated in /var/www/html/wp-content/themes/mydefenselaw/page-portal-dashboard.php on line 181
[25-Nov-2025 23:53:10 UTC] PHP Warning:  Undefined array key "case_name" in /var/www/html/wp-content/themes/mydefenselaw/page-portal-dashboard.php on line 185
[25-Nov-2025 23:57:35 UTC] PHP Warning:  Undefined array key "days_until" in /var/www/html/wp-content/themes/mydefenselaw/page-portal-dashboard.php on line 175
[25-Nov-2025 23:57:35 UTC] PHP Warning:  Undefined array key "date" in /var/www/html/wp-content/themes/mydefenselaw/page-portal-dashboard.php on line 180
[25-Nov-2025 23:57:35 UTC] PHP Deprecated:  strtotime(): Passing null to parameter #1 ($datetime) of type string is deprecated in /var/www/html/wp-content/themes/mydefenselaw/page-portal-dashboard.php on line 180
[25-Nov-2025 23:57:35 UTC] PHP Warning:  Undefined array key "date" in /var/www/html/wp-content/themes/mydefenselaw/page-portal-dashboard.php on line 181
[25-Nov-2025 23:57:35 UTC] PHP Deprecated:  strtotime(): Passing null to parameter #1 ($datetime) of type string is deprecated in /var/www/html/wp-content/themes/mydefenselaw/page-portal-dashboard.php on line 181
[25-Nov-2025 23:57:35 UTC] PHP Warning:  Undefined array key "case_name" in /var/www/html/wp-content/themes/mydefenselaw/page-portal-dashboard.php on line 185
[25-Nov-2025 23:57:35 UTC] PHP Warning:  Undefined array key "days_until" in /var/www/html/wp-content/themes/mydefenselaw/page-portal-dashboard.php on line 175
[25-Nov-2025 23:57:35 UTC] PHP Warning:  Undefined array key "date" in /var/www/html/wp-content/themes/mydefenselaw/page-portal-dashboard.php on line 180
[25-Nov-2025 23:57:35 UTC] PHP Deprecated:  strtotime(): Passing null to parameter #1 ($datetime) of type string is deprecated in /var/www/html/wp-content/themes/mydefenselaw/page-portal-dashboard.php on line 180
[25-Nov-2025 23:57:35 UTC] PHP Warning:  Undefined array key "date" in /var/www/html/wp-content/themes/mydefenselaw/page-portal-dashboard.php on line 181
[25-Nov-2025 23:57:35 UTC] PHP Deprecated:  strtotime(): Passing null to parameter #1 ($datetime) of type string is deprecated in /var/www/html/wp-content/themes/mydefenselaw/page-portal-dashboard.php on line 181
[25-Nov-2025 23:57:35 UTC] PHP Warning:  Undefined array key "case_name" in /var/www/html/wp-content/themes/mydefenselaw/page-portal-dashboard.php on line 185
[25-Nov-2025 23:57:44 UTC] PHP Warning:  Undefined array key "last_message" in /var/www/html/wp-content/themes/mydefenselaw/template-parts/portal/message-thread.php on line 18
[25-Nov-2025 23:57:44 UTC] PHP Warning:  Undefined array key "last_sender_id" in /var/www/html/wp-content/themes/mydefenselaw/template-parts/portal/message-thread.php on line 26
[25-Nov-2025 23:57:44 UTC] PHP Warning:  Undefined array key "time_ago" in /var/www/html/wp-content/themes/mydefenselaw/template-parts/portal/message-thread.php on line 35
[25-Nov-2025 23:57:44 UTC] PHP Warning:  Undefined array key "last_sender_name" in /var/www/html/wp-content/themes/mydefenselaw/template-parts/portal/message-thread.php on line 46
[25-Nov-2025 23:57:44 UTC] PHP Warning:  Undefined array key "message_count" in /var/www/html/wp-content/themes/mydefenselaw/template-parts/portal/message-thread.php on line 53
[25-Nov-2025 23:57:44 UTC] PHP Warning:  Undefined array key "last_message" in /var/www/html/wp-content/themes/mydefenselaw/template-parts/portal/message-thread.php on line 18
[25-Nov-2025 23:57:44 UTC] PHP Warning:  Undefined array key "last_sender_id" in /var/www/html/wp-content/themes/mydefenselaw/template-parts/portal/message-thread.php on line 26
[25-Nov-2025 23:57:44 UTC] PHP Warning:  Undefined array key "time_ago" in /var/www/html/wp-content/themes/mydefenselaw/template-parts/portal/message-thread.php on line 35
[25-Nov-2025 23:57:44 UTC] PHP Warning:  Undefined array key "last_sender_name" in /var/www/html/wp-content/themes/mydefenselaw/template-parts/portal/message-thread.php on line 46
[25-Nov-2025 23:57:44 UTC] PHP Warning:  Undefined array key "message_count" in /var/www/html/wp-content/themes/mydefenselaw/template-parts/portal/message-thread.php on line 53
[25-Nov-2025 23:57:44 UTC] PHP Warning:  Undefined array key "last_message" in /var/www/html/wp-content/themes/mydefenselaw/template-parts/portal/message-thread.php on line 18
[25-Nov-2025 23:57:44 UTC] PHP Warning:  Undefined array key "last_sender_id" in /var/www/html/wp-content/themes/mydefenselaw/template-parts/portal/message-thread.php on line 26
[25-Nov-2025 23:57:44 UTC] PHP Warning:  Undefined array key "time_ago" in /var/www/html/wp-content/themes/mydefenselaw/template-parts/portal/message-thread.php on line 35
[25-Nov-2025 23:57:44 UTC] PHP Warning:  Undefined array key "last_sender_name" in /var/www/html/wp-content/themes/mydefenselaw/template-parts/portal/message-thread.php on line 46
[25-Nov-2025 23:57:44 UTC] PHP Warning:  Undefined array key "message_count" in /var/www/html/wp-content/themes/mydefenselaw/template-parts/portal/message-thread.php on line 53
